// Jest Snapshot v1, https://goo.gl/fbAQLP

exports[`>>>B U D G E T --- Snapshot +++capturing Snapshot of Budget 1`] = `
ShallowWrapper {
  "length": 1,
  Symbol(enzyme.__root__): [Circular],
  Symbol(enzyme.__unrendered__): <Budget />,
  Symbol(enzyme.__renderer__): Object {
    "batchedUpdates": [Function],
    "getNode": [Function],
    "render": [Function],
    "simulateEvent": [Function],
    "unmount": [Function],
  },
  Symbol(enzyme.__node__): Object {
    "instance": null,
    "key": undefined,
    "nodeType": "host",
    "props": Object {
      "children": <main
        className="col-sm-9 offset-sm-3 col-md-10 offset-md-2 pt-3"
      >
        <h1
          name="main-header-title"
        >
          Review Current Budget
        </h1>
        <BudgetWidgetCard
          className="budget-widget"
          state={Object {}}
          title="Monthly Budget"
        />
        <BudgetWidgetCard
          className="budget-widget"
          state={Object {}}
          title="No. Budgets"
        />
        <BudgetWidgetCard
          className="budget-widget"
          state={Object {}}
          title="Amount Left"
        />
        <BudgetWidgetCard
          className="budget-widget"
          state={Object {}}
          title="Avg. Weekly Spent"
        />
        <div
          className="card"
          style={
            Object {
              "margin": "auto",
              "marginTop": "150px",
              "width": "65%",
            }
          }
        >
          <h3
            className="card-header"
          >
            Add A New Budget Item
          </h3>
          <div
            className="card-block"
            style={
              Object {
                "padding": "20px",
              }
            }
          >
            <ReduxForm
              addBudget={undefined}
            />
          </div>
        </div>
        <div>
          <BudgetTable
            addEditableFieldErrors={undefined}
            budgetFormEditable={undefined}
            budgetFormEditableErrors={undefined}
            reduxForm={undefined}
            updateBudgetEntry={undefined}
            updateFieldEnableRequest={undefined}
            userBudgetItems={undefined}
          />
        </div>
      </main>,
    },
    "ref": null,
    "rendered": Object {
      "instance": null,
      "key": undefined,
      "nodeType": "host",
      "props": Object {
        "children": Array [
          <h1
            name="main-header-title"
          >
            Review Current Budget
          </h1>,
          Array [
            <BudgetWidgetCard
              className="budget-widget"
              state={Object {}}
              title="Monthly Budget"
            />,
            <BudgetWidgetCard
              className="budget-widget"
              state={Object {}}
              title="No. Budgets"
            />,
            <BudgetWidgetCard
              className="budget-widget"
              state={Object {}}
              title="Amount Left"
            />,
            <BudgetWidgetCard
              className="budget-widget"
              state={Object {}}
              title="Avg. Weekly Spent"
            />,
          ],
          <div
            className="card"
            style={
              Object {
                "margin": "auto",
                "marginTop": "150px",
                "width": "65%",
              }
            }
          >
            <h3
              className="card-header"
            >
              Add A New Budget Item
            </h3>
            <div
              className="card-block"
              style={
                Object {
                  "padding": "20px",
                }
              }
            >
              <ReduxForm
                addBudget={undefined}
              />
            </div>
          </div>,
          <div>
            <BudgetTable
              addEditableFieldErrors={undefined}
              budgetFormEditable={undefined}
              budgetFormEditableErrors={undefined}
              reduxForm={undefined}
              updateBudgetEntry={undefined}
              updateFieldEnableRequest={undefined}
              userBudgetItems={undefined}
            />
          </div>,
        ],
        "className": "col-sm-9 offset-sm-3 col-md-10 offset-md-2 pt-3",
      },
      "ref": null,
      "rendered": Array [
        Object {
          "instance": null,
          "key": undefined,
          "nodeType": "host",
          "props": Object {
            "children": "Review Current Budget",
            "name": "main-header-title",
          },
          "ref": null,
          "rendered": "Review Current Budget",
          "type": "h1",
        },
        Object {
          "instance": null,
          "key": "0",
          "nodeType": "function",
          "props": Object {
            "className": "budget-widget",
            "state": Object {},
            "title": "Monthly Budget",
          },
          "ref": null,
          "rendered": null,
          "type": [Function],
        },
        Object {
          "instance": null,
          "key": "1",
          "nodeType": "function",
          "props": Object {
            "className": "budget-widget",
            "state": Object {},
            "title": "No. Budgets",
          },
          "ref": null,
          "rendered": null,
          "type": [Function],
        },
        Object {
          "instance": null,
          "key": "2",
          "nodeType": "function",
          "props": Object {
            "className": "budget-widget",
            "state": Object {},
            "title": "Amount Left",
          },
          "ref": null,
          "rendered": null,
          "type": [Function],
        },
        Object {
          "instance": null,
          "key": "3",
          "nodeType": "function",
          "props": Object {
            "className": "budget-widget",
            "state": Object {},
            "title": "Avg. Weekly Spent",
          },
          "ref": null,
          "rendered": null,
          "type": [Function],
        },
        Object {
          "instance": null,
          "key": undefined,
          "nodeType": "host",
          "props": Object {
            "children": Array [
              <h3
                className="card-header"
              >
                Add A New Budget Item
              </h3>,
              <div
                className="card-block"
                style={
                  Object {
                    "padding": "20px",
                  }
                }
              >
                <ReduxForm
                  addBudget={undefined}
                />
              </div>,
            ],
            "className": "card",
            "style": Object {
              "margin": "auto",
              "marginTop": "150px",
              "width": "65%",
            },
          },
          "ref": null,
          "rendered": Array [
            Object {
              "instance": null,
              "key": undefined,
              "nodeType": "host",
              "props": Object {
                "children": "Add A New Budget Item",
                "className": "card-header",
              },
              "ref": null,
              "rendered": "Add A New Budget Item",
              "type": "h3",
            },
            Object {
              "instance": null,
              "key": undefined,
              "nodeType": "host",
              "props": Object {
                "children": <ReduxForm
                  addBudget={undefined}
                />,
                "className": "card-block",
                "style": Object {
                  "padding": "20px",
                },
              },
              "ref": null,
              "rendered": Object {
                "instance": null,
                "key": undefined,
                "nodeType": "class",
                "props": Object {
                  "addBudget": undefined,
                },
                "ref": null,
                "rendered": null,
                "type": [Function],
              },
              "type": "div",
            },
          ],
          "type": "div",
        },
        Object {
          "instance": null,
          "key": undefined,
          "nodeType": "host",
          "props": Object {
            "children": <BudgetTable
              addEditableFieldErrors={undefined}
              budgetFormEditable={undefined}
              budgetFormEditableErrors={undefined}
              reduxForm={undefined}
              updateBudgetEntry={undefined}
              updateFieldEnableRequest={undefined}
              userBudgetItems={undefined}
            />,
          },
          "ref": null,
          "rendered": Object {
            "instance": null,
            "key": undefined,
            "nodeType": "class",
            "props": Object {
              "addEditableFieldErrors": undefined,
              "budgetFormEditable": undefined,
              "budgetFormEditableErrors": undefined,
              "reduxForm": undefined,
              "updateBudgetEntry": undefined,
              "updateFieldEnableRequest": undefined,
              "userBudgetItems": undefined,
            },
            "ref": null,
            "rendered": null,
            "type": [Function],
          },
          "type": "div",
        },
      ],
      "type": "main",
    },
    "type": "div",
  },
  Symbol(enzyme.__nodes__): Array [
    Object {
      "instance": null,
      "key": undefined,
      "nodeType": "host",
      "props": Object {
        "children": <main
          className="col-sm-9 offset-sm-3 col-md-10 offset-md-2 pt-3"
        >
          <h1
            name="main-header-title"
          >
            Review Current Budget
          </h1>
          <BudgetWidgetCard
            className="budget-widget"
            state={Object {}}
            title="Monthly Budget"
          />
          <BudgetWidgetCard
            className="budget-widget"
            state={Object {}}
            title="No. Budgets"
          />
          <BudgetWidgetCard
            className="budget-widget"
            state={Object {}}
            title="Amount Left"
          />
          <BudgetWidgetCard
            className="budget-widget"
            state={Object {}}
            title="Avg. Weekly Spent"
          />
          <div
            className="card"
            style={
              Object {
                "margin": "auto",
                "marginTop": "150px",
                "width": "65%",
              }
            }
          >
            <h3
              className="card-header"
            >
              Add A New Budget Item
            </h3>
            <div
              className="card-block"
              style={
                Object {
                  "padding": "20px",
                }
              }
            >
              <ReduxForm
                addBudget={undefined}
              />
            </div>
          </div>
          <div>
            <BudgetTable
              addEditableFieldErrors={undefined}
              budgetFormEditable={undefined}
              budgetFormEditableErrors={undefined}
              reduxForm={undefined}
              updateBudgetEntry={undefined}
              updateFieldEnableRequest={undefined}
              userBudgetItems={undefined}
            />
          </div>
        </main>,
      },
      "ref": null,
      "rendered": Object {
        "instance": null,
        "key": undefined,
        "nodeType": "host",
        "props": Object {
          "children": Array [
            <h1
              name="main-header-title"
            >
              Review Current Budget
            </h1>,
            Array [
              <BudgetWidgetCard
                className="budget-widget"
                state={Object {}}
                title="Monthly Budget"
              />,
              <BudgetWidgetCard
                className="budget-widget"
                state={Object {}}
                title="No. Budgets"
              />,
              <BudgetWidgetCard
                className="budget-widget"
                state={Object {}}
                title="Amount Left"
              />,
              <BudgetWidgetCard
                className="budget-widget"
                state={Object {}}
                title="Avg. Weekly Spent"
              />,
            ],
            <div
              className="card"
              style={
                Object {
                  "margin": "auto",
                  "marginTop": "150px",
                  "width": "65%",
                }
              }
            >
              <h3
                className="card-header"
              >
                Add A New Budget Item
              </h3>
              <div
                className="card-block"
                style={
                  Object {
                    "padding": "20px",
                  }
                }
              >
                <ReduxForm
                  addBudget={undefined}
                />
              </div>
            </div>,
            <div>
              <BudgetTable
                addEditableFieldErrors={undefined}
                budgetFormEditable={undefined}
                budgetFormEditableErrors={undefined}
                reduxForm={undefined}
                updateBudgetEntry={undefined}
                updateFieldEnableRequest={undefined}
                userBudgetItems={undefined}
              />
            </div>,
          ],
          "className": "col-sm-9 offset-sm-3 col-md-10 offset-md-2 pt-3",
        },
        "ref": null,
        "rendered": Array [
          Object {
            "instance": null,
            "key": undefined,
            "nodeType": "host",
            "props": Object {
              "children": "Review Current Budget",
              "name": "main-header-title",
            },
            "ref": null,
            "rendered": "Review Current Budget",
            "type": "h1",
          },
          Object {
            "instance": null,
            "key": "0",
            "nodeType": "function",
            "props": Object {
              "className": "budget-widget",
              "state": Object {},
              "title": "Monthly Budget",
            },
            "ref": null,
            "rendered": null,
            "type": [Function],
          },
          Object {
            "instance": null,
            "key": "1",
            "nodeType": "function",
            "props": Object {
              "className": "budget-widget",
              "state": Object {},
              "title": "No. Budgets",
            },
            "ref": null,
            "rendered": null,
            "type": [Function],
          },
          Object {
            "instance": null,
            "key": "2",
            "nodeType": "function",
            "props": Object {
              "className": "budget-widget",
              "state": Object {},
              "title": "Amount Left",
            },
            "ref": null,
            "rendered": null,
            "type": [Function],
          },
          Object {
            "instance": null,
            "key": "3",
            "nodeType": "function",
            "props": Object {
              "className": "budget-widget",
              "state": Object {},
              "title": "Avg. Weekly Spent",
            },
            "ref": null,
            "rendered": null,
            "type": [Function],
          },
          Object {
            "instance": null,
            "key": undefined,
            "nodeType": "host",
            "props": Object {
              "children": Array [
                <h3
                  className="card-header"
                >
                  Add A New Budget Item
                </h3>,
                <div
                  className="card-block"
                  style={
                    Object {
                      "padding": "20px",
                    }
                  }
                >
                  <ReduxForm
                    addBudget={undefined}
                  />
                </div>,
              ],
              "className": "card",
              "style": Object {
                "margin": "auto",
                "marginTop": "150px",
                "width": "65%",
              },
            },
            "ref": null,
            "rendered": Array [
              Object {
                "instance": null,
                "key": undefined,
                "nodeType": "host",
                "props": Object {
                  "children": "Add A New Budget Item",
                  "className": "card-header",
                },
                "ref": null,
                "rendered": "Add A New Budget Item",
                "type": "h3",
              },
              Object {
                "instance": null,
                "key": undefined,
                "nodeType": "host",
                "props": Object {
                  "children": <ReduxForm
                    addBudget={undefined}
                  />,
                  "className": "card-block",
                  "style": Object {
                    "padding": "20px",
                  },
                },
                "ref": null,
                "rendered": Object {
                  "instance": null,
                  "key": undefined,
                  "nodeType": "class",
                  "props": Object {
                    "addBudget": undefined,
                  },
                  "ref": null,
                  "rendered": null,
                  "type": [Function],
                },
                "type": "div",
              },
            ],
            "type": "div",
          },
          Object {
            "instance": null,
            "key": undefined,
            "nodeType": "host",
            "props": Object {
              "children": <BudgetTable
                addEditableFieldErrors={undefined}
                budgetFormEditable={undefined}
                budgetFormEditableErrors={undefined}
                reduxForm={undefined}
                updateBudgetEntry={undefined}
                updateFieldEnableRequest={undefined}
                userBudgetItems={undefined}
              />,
            },
            "ref": null,
            "rendered": Object {
              "instance": null,
              "key": undefined,
              "nodeType": "class",
              "props": Object {
                "addEditableFieldErrors": undefined,
                "budgetFormEditable": undefined,
                "budgetFormEditableErrors": undefined,
                "reduxForm": undefined,
                "updateBudgetEntry": undefined,
                "updateFieldEnableRequest": undefined,
                "userBudgetItems": undefined,
              },
              "ref": null,
              "rendered": null,
              "type": [Function],
            },
            "type": "div",
          },
        ],
        "type": "main",
      },
      "type": "div",
    },
  ],
  Symbol(enzyme.__options__): Object {
    "adapter": ReactSixteenAdapter {
      "options": Object {
        "enableComponentDidUpdateOnSetState": true,
      },
    },
  },
}
`;
